// Vitest Snapshot v1, https://vitest.dev/guide/snapshot.html

exports[`compiles a basic file 1`] = `
"
{
    "test": 123
}
"
`;

exports[`compiles a top-level await file 1`] = `
"
{
    "test": 123
}
"
`;

exports[`compiles an array-interpolated file 1`] = `
"
{
    "test": 123
}
"
`;
